// Jest Snapshot v1, https://goo.gl/fbAQLP

exports[`Anchor match snapshot 1`] = `
<a href="/"
   data-test="component-anchor"
>
</a>
`;
