// Jest Snapshot v1, https://goo.gl/fbAQLP

exports[`Key Up match snapshot 1`] = `
<button class="undefined undefined"
        data-test="component-key"
        type="button"
        aria-label="Předchozí stránka"
        tabindex="-1"
>
  <i>
  </i>
</button>
`;
