// Jest Snapshot v1, https://goo.gl/fbAQLP

exports[`Section match snapshot 1`] = `
<section class="section"
         data-test="component-section"
         style="opacity:0"
>
</section>
`;
