// Jest Snapshot v1, https://goo.gl/fbAQLP

exports[`Key Down match snapshot 1`] = `
<button class="undefined "
        data-test="component-key"
        type="button"
        aria-label="Následující stránka"
        tabindex="0"
>
  <i>
  </i>
</button>
`;
