// Jest Snapshot v1, https://goo.gl/fbAQLP

exports[`Menu match snapshot 1`] = `
<button type="button"
        class="button "
        data-test="component-menu"
        aria-label="Menu button"
>
  <svg class="icon"
       viewbox="0 0 100 100"
  >
    <path d="M30,40 L70,40 Z">
    </path>
    <path d="M30,50 L70,50 Z">
    </path>
    <path d="M30,60 L70,60 Z">
    </path>
  </svg>
</button>
`;
