// Jest Snapshot v1, https://goo.gl/fbAQLP

exports[`Button match snapshot 1`] = `
<button type="button"
        class="button  "
        data-test="component-button"
>
  Button
</button>
`;
