// Jest Snapshot v1, https://goo.gl/fbAQLP

exports[`Alert match snapshot 1`] = `
<div class="backdrop "
     style="opacity:0"
>
</div>
<div class="alert  "
     data-test="component-alert"
     style="opacity:0;transform:scale(0.85) translateZ(0)"
>
  <section class="section">
    message
  </section>
  <button class="button"
          aria-label="Zavřít"
          data-test="component-alert-button"
  >
    ×
  </button>
</div>
`;
