// Jest Snapshot v1, https://goo.gl/fbAQLP

exports[`Key Right match snapshot 1`] = `
<button class="undefined "
        type="button"
        aria-label="Následující projekt"
        tabindex="0"
        data-test="component-button"
>
  <i>
  </i>
</button>
`;
