// Jest Snapshot v1, https://goo.gl/fbAQLP

exports[`Cursor match snapshot 1`] = `
<i class="outerCursor"
   data-test="component-outer-cursor"
>
</i>
<i class="innerCursor "
   data-test="component-inner-cursor"
>
</i>
`;
