// Jest Snapshot v1, https://goo.gl/fbAQLP

exports[`Input match snapshot 1`] = `
<input id
       class="undefined  "
       data-test="component-input"
>
<label for
       class="undefined "
       data-test="component-label"
>
  <span>
  </span>
</label>
`;
