// Jest Snapshot v1, https://goo.gl/fbAQLP

exports[`Curtain match snapshot 1`] = `
<div class="curtain"
     data-test="component-curtain"
     style="background:var(--curtain-base-color);transform:none"
>
</div>
`;
